// Jest Snapshot v1, https://goo.gl/fbAQLP

exports[`Should render 1`] = `
Array [
  <div
    className="board-row"
  >
    <button
      className="square sp"
      classbuttonname="square"
      onClick={[Function]}
      type="button"
    >
      AC
    </button>
    <button
      className="square sp"
      classbuttonname="square"
      onClick={[Function]}
      type="button"
    >
      +/-
    </button>
    <button
      className="square sp"
      classbuttonname="square"
      onClick={[Function]}
      type="button"
    >
      %
    </button>
    <button
      className="square op"
      classbuttonname="square"
      onClick={[Function]}
      type="button"
    >
      /
    </button>
  </div>,
  <div
    className="board-row"
  >
    <button
      className="square num"
      classbuttonname="square"
      onClick={[Function]}
      type="button"
    >
      7
    </button>
    <button
      className="square num"
      classbuttonname="square"
      onClick={[Function]}
      type="button"
    >
      8
    </button>
    <button
      className="square num"
      classbuttonname="square"
      onClick={[Function]}
      type="button"
    >
      9
    </button>
    <button
      className="square op"
      classbuttonname="square"
      onClick={[Function]}
      type="button"
    >
      X
    </button>
  </div>,
  <div
    className="board-row"
  >
    <button
      className="square num"
      classbuttonname="square"
      onClick={[Function]}
      type="button"
    >
      4
    </button>
    <button
      className="square num"
      classbuttonname="square"
      onClick={[Function]}
      type="button"
    >
      5
    </button>
    <button
      className="square num"
      classbuttonname="square"
      onClick={[Function]}
      type="button"
    >
      6
    </button>
    <button
      className="square op"
      classbuttonname="square"
      onClick={[Function]}
      type="button"
    >
      -
    </button>
  </div>,
  <div
    className="board-row"
  >
    <button
      className="square num"
      classbuttonname="square"
      onClick={[Function]}
      type="button"
    >
      1
    </button>
    <button
      className="square num"
      classbuttonname="square"
      onClick={[Function]}
      type="button"
    >
      2
    </button>
    <button
      className="square num"
      classbuttonname="square"
      onClick={[Function]}
      type="button"
    >
      3
    </button>
    <button
      className="square op"
      classbuttonname="square"
      onClick={[Function]}
      type="button"
    >
      +
    </button>
  </div>,
  <div
    className="board-row-last"
  >
    <button
      className="square zero"
      classbuttonname="square"
      onClick={[Function]}
      type="button"
    >
      0
    </button>
    <button
      className="square num"
      classbuttonname="square"
      onClick={[Function]}
      type="button"
    >
      .
    </button>
    <button
      className="square op"
      classbuttonname="square"
      onClick={[Function]}
      type="button"
    >
      =
    </button>
  </div>,
]
`;
