// Jest Snapshot v1, https://goo.gl/fbAQLP

exports[`Should renders correctly 1`] = `
<div
  className="home"
>
  <h1>
    Math Magicians
  </h1>
  <h3>
    Welcome to our page!
  </h3>
  <p>
    Lorem, ipsum dolor sit amet consectetur adipisicing elit. Omnis blanditiis modi nobis fugiat consequuntur? Reprehenderit saepe nulla quae quod illo molestias sit. Dicta laudantium architecto aperiam cupiditate rem quaerat repellendus?
  </p>
  <p>
    Lorem, ipsum dolor sit amet consectetur adipisicing elit. Omnis blanditiis modi nobis fugiat consequuntur? Reprehenderit saepe nulla quae quod illo molestias sit. Dicta laudantium architecto aperiam cupiditate rem quaerat repellendus?
  </p>
</div>
`;
